---
source: src/latency/dimension.rs
expression: "serde_json::to_value(&dimension).unwrap()"
---
{
  "evaluations": [
    {
      "confidence": 0.95,
      "decisionRule": "latency/compliance-exact-binomial",
      "observedMs": 180,
      "percentile": "p95",
      "provenance": {
        "kind": "explicit"
      },
      "status": "PASS",
      "thresholdMs": 200,
      "verdict": "PASS"
    },
    {
      "confidence": 0.95,
      "decisionRule": "latency/precedence",
      "observedMs": 520,
      "percentile": "p99",
      "provenance": {
        "confidence": 0.95,
        "kind": "baselineDerived",
        "n": 100,
        "rank": 99
      },
      "status": "FAIL",
      "thresholdMs": 500,
      "verdict": "FAIL"
    }
  ],
  "mode": "advisory",
  "observedPercentiles": {
    "p95": 180,
    "p99": 520
  },
  "successfulSamples": 100,
  "verdict": "FAIL"
}
