---
source: src/reporting/verdict_xml.rs
assertion_line: 1011
expression: xml
---
<?xml version="1.0" encoding="UTF-8"?>
<verdict-record xmlns="http://javai.org/verdict/1.0" version="1.2" timestamp="2026-04-19T10:00:00Z" correlation-id="suite-run-42" generator="feotest/0.1.0">
  <identity use-case-id="full-service" test-name="test_everything"/>
  <execution planned-samples="200" samples-executed="200" successes="192" failures="8" elapsed-ms="500" intent="VERIFICATION" confidence="0.95"/>
  <functional successes="192" failures="8" pass-rate="0.9600"/>
  <statistics confidence-level="0.9500" standard-error="0.0220" wilson-lower="0.9070" threshold="0.9000" threshold-origin="EMPIRICAL" test-statistic="2.2940" p-value="0.0110"/>
  <covariates aligned="true"/>
  <provenance origin="EMPIRICAL" spec-filename="full-service.yaml" contract-ref="SLA v2.0 §3">
    <expiration status="VALID" expires-at="2026-12-31T23:59:59Z" requires-warning="false"/>
  </provenance>
  <baseline source-file="full-service.yaml" generated-at="2026-03-01T08:00:00Z" samples="500" baseline-rate="0.9600" derived-threshold="0.9200"/>
  <termination reason="COMPLETED"/>
  <cost total-time-ms="500" total-tokens="1000" avg-time-per-sample-ms="2" avg-tokens-per-sample="5"/>
  <warnings>
    <warning code="BASELINE_AGING">Baseline is 49 days old</warning>
  </warnings>
  <pacing max-rps="5" max-rpm="0" max-concurrent="1" effective-min-delay-ms="200" effective-concurrency="1" effective-rps="5"/>
  <environment>
    <entry key="runtime" value="tokio"/>
    <entry key="region" value="us-east-1"/>
  </environment>
  <per-criterion>
    <criterion id="result" verdict="PASS" pass="192" fail="8" inconclusive="0" total="200" observed-rate="0.9600"/>
    <composite value="PASS"/>
  </per-criterion>
  <verdict value="PASS" reason="0.9600 &gt;= 0.9000"/>
</verdict-record>
