---
source: src/reporting/console.rs
expression: output
---
═ VERDICT: PASS (0.9600 >= 0.9000) ═
Test:                my-service

Pass rate:           0.9600 (96/100 samples)
Threshold:           0.9000
Confidence:          0.9500
Wilson lower:        0.9070

Baseline:            my-service.yaml
                     (measured 2026-03-27, 200 samples, minPassRate=0.9000)
Spec:                my-service.yaml
Origin:              EMPIRICAL
Elapsed:             0.5s
