---
source: src/reporting/transparent.rs
expression: buf
---
║═════════════════════════════════════════════════════════════║
║ TRANSPARENT STATISTICS                                      ║
║                                                             ║
║ Test:       flaky-service                                   ║
║ Approach:   threshold-first                                 ║
║ Intent:     VERIFICATION                                    ║
║─────────────────────────────────────────────────────────────║
║ VERDICT                                                     ║
║                                                             ║
║ INCONCLUSIVE                                                ║
║                                                             ║
║ Insufficient evidence to reach a conclusion. The            ║
║ statistical analysis is unreliable at this sample size.     ║
║═════════════════════════════════════════════════════════════║
