---
source: src/reporting/verdict_xml.rs
assertion_line: 698
expression: xml
---
<?xml version="1.0" encoding="UTF-8"?>
<verdict-record xmlns="http://javai.org/verdict/1.0" version="1.0" timestamp="2026-04-01T12:00:00Z" generator="feotest/0.1.0">
  <identity use-case-id="my-service" test-name="test_accuracy"/>
  <execution planned-samples="100" samples-executed="100" successes="80" failures="20" elapsed-ms="500" intent="VERIFICATION" confidence="0.95"/>
  <functional successes="80" failures="20" pass-rate="0.8000">
    <failure-distribution>
      <check name="parse" count="12"/>
      <check name="content" count="8"/>
    </failure-distribution>
  </functional>
  <statistics confidence-level="0.9500" standard-error="0.0400" ci-lower="0.7220" ci-upper="0.8780" threshold="0.9000" threshold-origin="EMPIRICAL" test-statistic="-1.5000" p-value="0.9330"/>
  <covariates aligned="true"/>
  <termination reason="COMPLETED"/>
  <cost total-time-ms="500" total-tokens="1000" avg-time-per-sample-ms="5" avg-tokens-per-sample="10"/>
  <verdict value="FAIL" reason="0.8000 &lt; 0.9000"/>
</verdict-record>
