---
source: src/reporting/verdict_xml.rs
expression: xml
---
<?xml version="1.0" encoding="UTF-8"?>
<verdict-record xmlns="http://javai.org/verdict/1.0" version="1.0" timestamp="2026-04-19T10:00:00Z" correlation-id="run-20260419-abc123" generator="feotest/0.1.0">
  <identity use-case-id="correlated-service"/>
  <execution planned-samples="50" samples-executed="50" successes="48" failures="2" elapsed-ms="500" intent="VERIFICATION"/>
  <functional successes="48" failures="2" pass-rate="0.9600"/>
  <covariates aligned="true"/>
  <termination reason="COMPLETED"/>
  <cost total-time-ms="500" total-tokens="1000" avg-time-per-sample-ms="10" avg-tokens-per-sample="20"/>
  <verdict value="PASS" reason="0.9600 &gt;= 0.0000"/>
</verdict-record>
