---
source: src/reporting/transparent.rs
expression: "render_with(&pass_record(), &approach)"
---
║═════════════════════════════════════════════════════════════║
║ TRANSPARENT STATISTICS                                      ║
║                                                             ║
║ Test:        my-service                                     ║
║ Approach:    confidence-first (risk-driven)                 ║
║ Intent:      VERIFICATION                                   ║
║ Methodology: 1.6.0                                          ║
║ Origin:      EMPIRICAL                                      ║
║─────────────────────────────────────────────────────────────║
║ HYPOTHESES                                                  ║
║                                                             ║
║ H0: p_test = p_baseline  (no degradation)                   ║
║ H1: p_test < p_baseline  (the service has degraded)         ║
║─────────────────────────────────────────────────────────────║
║ OBSERVED DATA AND INFERENCE                                 ║
║                                                             ║
║ Successes / Total:    97 / 100                              ║
║ Observed pass rate:   0.970                                 ║
║ Decision rule:        regression/fisher v1                  ║
║ Threshold:            0.910                                 ║
║   (n=100 sized for a true rate of 0.850)                    ║
║ Baseline:             951 / 1000                            ║
║ Cutoff:               91                                    ║
║ Size at common rate:  0.0340                                ║
║ Min detectable drop:  0.0751 (80% design power)             ║
║ Wilson lower [95%]: 0.927 (descriptive)                     ║
║ Standard error:       0.017                                 ║
║─────────────────────────────────────────────────────────────║
║ VERDICT                                                     ║
║                                                             ║
║ PASS                                                        ║
║                                                             ║
║ Every criterion passed under its rule (regression/fisher    ║
║ for the first) and every enforced latency constraint        ║
║ passed: 97 of 100 >= cutoff 91 (regression/fisher).         ║
║═════════════════════════════════════════════════════════════║
