---
source: src/reporting/console.rs
expression: output
---
═ VERDICT: FAIL (0.8000 < 0.9000) ═
Test:                my-service

Pass rate:           0.8000 (80/100 samples)
Threshold:           0.9000
Confidence:          0.9500
Wilson lower:        0.7220
Spec:                my-service.yaml
Origin:              EMPIRICAL
Elapsed:             0.5s
