---
source: tests/verdict_serde.rs
assertion_line: 42
expression: "serde_json::to_value(&record).unwrap()"
---
{
  "covariateStatus": {
    "aligned": true
  },
  "execution": {
    "cost": {
      "samplesExecuted": 100,
      "totalTimeMs": 500,
      "totalTokens": 1234
    },
    "failures": 5,
    "samplesExecuted": 100,
    "samplesPlanned": 100,
    "successes": 95,
    "termination": {
      "reason": "COMPLETED"
    }
  },
  "functionalAssessment": {
    "composite": "PASS",
    "criteria": [
      {
        "fail": 5,
        "name": "result",
        "pass": 95,
        "passRate": 0.95,
        "verdict": "PASS"
      }
    ]
  },
  "identity": {
    "useCaseId": "basket.translates"
  },
  "intent": "VERIFICATION",
  "verdict": "PASS",
  "verdictReason": "0.9500 >= 0.0000"
}
